MySQL Shell 8.0.12

Copyright (c) 2016, 2018, Oracle and/or its affiliates. All rights reserved.

Oracle is a registered trademark of Oracle Corporation and/or its
affiliates. Other names may be trademarks of their respective
owners.

Type '\help' or '\?' for help; '\quit' to exit.


 MySQL  JS > \sql
Switching to SQL mode... Commands end with ;

 MySQL  SQL > \connect -c root@localhost
The -c option is deprecated, please use --mysql or -mc instead
Creating a Classic session to 'root@localhost'
Please provide the password for 'root@localhost': *
MySQL Error 1045 (28000): Access denied for user 'root'@'localhost' (using password: YES)

 MySQL  SQL > \connect -c root@localhost
The -c option is deprecated, please use --mysql or -mc instead
Creating a Classic session to 'root@localhost'
Please provide the password for 'root@localhost': ****
Save password for 'root@localhost:3306'? [Y]es/[N]o/Ne[v]er (default No): y
Fetching schema names for autocompletion... Press ^C to stop.
Your MySQL connection id is 2
Server version: 5.5.61 MySQL Community Server (GPL)
No default schema selected; type \use <schema> to set one.

 MySQL  localhost:3306  SQL > \use evaluacion1
Default schema set to `evaluacion1`.
Fetching table and column names from `evaluacion1` for auto-completion... Press ^C to stop.

 MySQL  localhost:3306  evaluacion1  SQL > select user from mysql.user;
+------+
| user |
+------+
| root |
+------+
1 row in set (0.0842 sec)

 MySQL  localhost:3306  evaluacion1  SQL > create user 'total_user'@'localhost' identified by '123456';
Query OK, 0 rows affected (0.4270 sec)

 MySQL  localhost:3306  evaluacion1  SQL > \connect -c total_user@localhost
The -c option is deprecated, please use --mysql or -mc instead
Creating a Classic session to 'total_user@localhost'
Please provide the password for 'total_user@localhost': ******
Save password for 'total_user@localhost:3306'? [Y]es/[N]o/Ne[v]er (default No): y
Fetching schema names for autocompletion... Press ^C to stop.
Closing old connection...
Your MySQL connection id is 9
Server version: 5.5.61 MySQL Community Server (GPL)
No default schema selected; type \use <schema> to set one.

 MySQL  localhost:3306  SQL > set password for 'total_user'@'localhost' = 'xxx.123';
ERROR: 1372 (HY000): Password hash should be a 41-digit hexadecimal number

 MySQL  localhost:3306  SQL > \connect -c root@localhost
The -c option is deprecated, please use --mysql or -mc instead
Creating a Classic session to 'root@localhost'
Please provide the password for 'root@localhost': ****
Save password for 'root@localhost:3306'? [Y]es/[N]o/Ne[v]er (default No): y
Fetching schema names for autocompletion... Press ^C to stop.
Closing old connection...
Your MySQL connection id is 10
Server version: 5.5.61 MySQL Community Server (GPL)
No default schema selected; type \use <schema> to set one.

 MySQL  localhost:3306  SQL > set password for 'total_user'@'localhost' = 'xxx.123';
ERROR: 1372 (HY000): Password hash should be a 41-digit hexadecimal number

 MySQL  localhost:3306  SQL > set password for 'total_user'@'localhost' = '4545';
ERROR: 1372 (HY000): Password hash should be a 41-digit hexadecimal number

 MySQL  localhost:3306  SQL > set password for 'total_user'@'localhost' = '123';
ERROR: 1372 (HY000): Password hash should be a 41-digit hexadecimal number

 MySQL  localhost:3306  SQL > alter user 'total_user'@'localhost' identified by 'xxx.1234';
ERROR: 1064 (42000): You have an error in your SQL syntax; check the manual that corresponds to your MySQL server version for the right syntax to use near 'user 'total_user'@'localhost' identified by 'xxx.1234'' at line 1

 MySQL  localhost:3306  SQL > select version();
+-----------+
| version() |
+-----------+
| 5.5.61    |
+-----------+
1 row in set (0.0286 sec)

 MySQL  localhost:3306  SQL > set password for 'total_
                          ... ;
                          ... ;
                          ... ddff:
                          ... ;
                          ... sdasdfewf;
ERROR: 1064 (42000): You have an error in your SQL syntax; check the manual that corresponds to your MySQL server version for the right syntax to use near ''total_
ddff:
sdasdfewf' at line 1

 MySQL  localhost:3306  SQL > set password 'total_user'@'localhost' = password('1234');
ERROR: 1064 (42000): You have an error in your SQL syntax; check the manual that corresponds to your MySQL server version for the right syntax to use near ''total_user'@'localhost' = password('1234')' at line 1

 MySQL  localhost:3306  SQL > set password for 'total_user'@'localhost' = password('12345');
Query OK, 0 rows affected (0.0167 sec)

 MySQL  localhost:3306  SQL > show databases;
+--------------------+
| Database           |
+--------------------+
| information_schema |
| celulares          |
| escuela            |
| evaluacion1        |
| mysql              |
| performance_schema |
| test               |
+--------------------+
7 rows in set (0.0010 sec)

 MySQL  localhost:3306  SQL > grant all on evaluacion1.* to 'total_user'@'localhost';
Query OK, 0 rows affected (0.0227 sec)

 MySQL  localhost:3306  SQL > /*VERIFICAR PROVILEGIOS AL NUEVO USUARIO */
 MySQL  localhost:3306  SQL > \connec -c total_user@localhost
                          ... ;
ERROR: 1064 (42000): You have an error in your SQL syntax; check the manual that corresponds to your MySQL server version for the right syntax to use near '\connec -c total_user@localhost' at line 1

 MySQL  localhost:3306  SQL > \connect -c total_user@localhost
The -c option is deprecated, please use --mysql or -mc instead
Creating a Classic session to 'total_user@localhost'
Please provide the password for 'total_user@localhost': *****
Save password for 'total_user@localhost:3306'? [Y]es/[N]o/Ne[v]er (default No): y
Fetching schema names for autocompletion... Press ^C to stop.
Closing old connection...
Your MySQL connection id is 11
Server version: 5.5.61 MySQL Community Server (GPL)
No default schema selected; type \use <schema> to set one.

 MySQL  localhost:3306  SQL > \connect -c root@localhost
The -c option is deprecated, please use --mysql or -mc instead
Creating a Classic session to 'root@localhost'
Please provide the password for 'root@localhost': ****
Save password for 'root@localhost:3306'? [Y]es/[N]o/Ne[v]er (default No): y
Fetching schema names for autocompletion... Press ^C to stop.
Closing old connection...
Your MySQL connection id is 12
Server version: 5.5.61 MySQL Community Server (GPL)
No default schema selected; type \use <schema> to set one.

 MySQL  localhost:3306  SQL > create user 'solo_tablas'@'localhost0 identified by 'xxx.123';
                          ... ;
                          ...
                          ... dfewfrwe
                          ... ff:ewrfw
                          ... ;ertergtery,;
ERROR: 1064 (42000): You have an error in your SQL syntax; check the manual that corresponds to your MySQL server version for the right syntax to use near 'xxx.123';
dfewfrwe
ff:ewrfw
ertergtery,' at line 1

 MySQL  localhost:3306  SQL > create user 'solo_tablas'@'localhost' identified by 'xxx.123';
Query OK, 0 rows affected (0.0044 sec)

 MySQL  localhost:3306  SQL > grant all on evaluacion1.paises to 'solo_tablas'@'localhost';
Query OK, 0 rows affected (0.0011 sec)

 MySQL  localhost:3306  SQL > \connect -c solo_tablas@localhost
The -c option is deprecated, please use --mysql or -mc instead
Creating a Classic session to 'solo_tablas@localhost'
Please provide the password for 'solo_tablas@localhost': *******
Save password for 'solo_tablas@localhost:3306'? [Y]es/[N]o/Ne[v]er (default No): y
Fetching schema names for autocompletion... Press ^C to stop.
Closing old connection...
Your MySQL connection id is 13
Server version: 5.5.61 MySQL Community Server (GPL)
No default schema selected; type \use <schema> to set one.

 MySQL  localhost:3306  SQL > show databases;
+--------------------+
| Database           |
+--------------------+
| information_schema |
| evaluacion1        |
+--------------------+
2 rows in set (0.0007 sec)

 MySQL  localhost:3306  SQL > \use evaluacion1
Default schema set to `evaluacion1`.
Fetching table and column names from `evaluacion1` for auto-completion... Press ^C to stop.

 MySQL  localhost:3306  evaluacion1  SQL > show tables;
+-----------------------+
| Tables_in_evaluacion1 |
+-----------------------+
| paises                |
+-----------------------+
1 row in set (0.0006 sec)

 MySQL  localhost:3306  evaluacion1  SQL > \connect -c root@localhost
The -c option is deprecated, please use --mysql or -mc instead
Creating a Classic session to 'root@localhost'
Please provide the password for 'root@localhost': ****
Save password for 'root@localhost:3306'? [Y]es/[N]o/Ne[v]er (default No): y
Fetching schema names for autocompletion... Press ^C to stop.
Closing old connection...
Your MySQL connection id is 14
Server version: 5.5.61 MySQL Community Server (GPL)
No default schema selected; type \use <schema> to set one.

 MySQL  localhost:3306  SQL > create user 'solo_select'@'localhost' identified by 'azul45';
Query OK, 0 rows affected (0.0004 sec)

 MySQL  localhost:3306  SQL > grant select on evaluacion1.paises to 'solo_select'@'localhost';
Query OK, 0 rows affected (0.0006 sec)

 MySQL  localhost:3306  SQL > \connect -c solo_select@localhost
The -c option is deprecated, please use --mysql or -mc instead
Creating a Classic session to 'solo_select@localhost'
Please provide the password for 'solo_select@localhost': ******
Save password for 'solo_select@localhost:3306'? [Y]es/[N]o/Ne[v]er (default No): y
Fetching schema names for autocompletion... Press ^C to stop.
Closing old connection...
Your MySQL connection id is 15
Server version: 5.5.61 MySQL Community Server (GPL)
No default schema selected; type \use <schema> to set one.

 MySQL  localhost:3306  SQL > \use evaluacion1
Default schema set to `evaluacion1`.
Fetching table and column names from `evaluacion1` for auto-completion... Press ^C to stop.

 MySQL  localhost:3306  evaluacion1  SQL > show tables;
+-----------------------+
| Tables_in_evaluacion1 |
+-----------------------+
| paises                |
+-----------------------+
1 row in set (0.0006 sec)

 MySQL  localhost:3306  evaluacion1  SQL > drop tables paises;
ERROR: 1142 (42000): DROP command denied to user 'solo_select'@'localhost' for table 'paises'

 MySQL  localhost:3306  evaluacion1  SQL > delete * from paises;
ERROR: 1064 (42000): You have an error in your SQL syntax; check the manual that corresponds to your MySQL server version for the right syntax to use near '* from paises' at line 1

 MySQL  localhost:3306  evaluacion1  SQL > select * from paises;
+-------+--------+-----------+------------+
| clave | nombre | poblacion | continente |
+-------+--------+-----------+------------+
|     1 | Mexico | 120000000 | AMERICA    |
+-------+--------+-----------+------------+
1 row in set (0.0197 sec)

 MySQL  localhost:3306  evaluacion1  SQL >