MySQL Shell 8.0.12

Copyright (c) 2016, 2018, Oracle and/or its affiliates. All rights reserved.

Oracle is a registered trademark of Oracle Corporation and/or its
affiliates. Other names may be trademarks of their respective
owners.

Type '\help' or '\?' for help; '\quit' to exit.


 MySQL  JS > \sql
Switching to SQL mode... Commands end with ;

 MySQL  SQL > \connect -c root@localhost
The -c option is deprecated, please use --mysql or -mc instead
Creating a Classic session to 'root@localhost'
Please provide the password for 'root@localhost': ****
Save password for 'root@localhost:3306'? [Y]es/[N]o/Ne[v]er (default No): y
Fetching schema names for autocompletion... Press ^C to stop.
Your MySQL connection id is 4
Server version: 5.5.61 MySQL Community Server (GPL)
No default schema selected; type \use <schema> to set one.

 MySQL  localhost:3306  SQL > \use evaluacion1
Default schema set to `evaluacion1`.
Fetching table and column names from `evaluacion1` for auto-completion... Press ^C to stop.

 MySQL  localhost:3306  evaluacion1  SQL > SHOW TABLES;
+-----------------------+
| Tables_in_evaluacion1 |
+-----------------------+
| carrera               |
| estudiante            |
| horario               |
| materias              |
| nueva_carrera         |
| nueva_carrerota       |
| paises                |
| personal              |
| personal2             |
| trabajo               |
+-----------------------+
10 rows in set (0.0006 sec)

 MySQL  localhost:3306  evaluacion1  SQL > create user 'nuevo'@'localhost' identified by '1234';
Query OK, 0 rows affected (0.1803 sec)

 MySQL  localhost:3306  evaluacion1  SQL > desc estudiante;
+------------------+-------------+------+-----+---------+-------+
| Field            | Type        | Null | Kgrant select (nombre,apellido_paterno,apelido_materno,no_control) on;wefrweds:;
ERROR: 1064 (42000): You have an error in your SQL syntax; check the manual that corresponds to your MySQL server version for the right syntax to use near '' at line 1grant select (nombre,apellido_paterno,apelido_materno,no_control) on;wefrweds:
ERROR: 1064 (42000): You have an error in your SQL syntax; check the manual that corresponds to your MySQL server version for the right syntax to use near 'wefrweds:' at line 1ect (nombre,apellido_paterno,apelido_materno,no_control) on;wefrwed
| apellido_materno | varchar(50) | YES  |  grant select (nombre,apellido_paterno,apelido_materno,no_control) on;wefrwe
 MySQL  localhost:3306  evaluacion1  SQL > frant select (nombre,apellido_paterno,apelido_materno,no_control) on;wefrw
                                       ... grant select (nombre,apellido_paterno,apelido_materno,no_control) on;wefr
                                       ... grant select (nombre,apellido_paterno,apelido_materno,no_control) on;wef
                                       ... grant select (nombre,apellido_paterno,apelido_materno,no_control) on;we
                                       ... grant select (nombre,apellido_paterno,apelido_materno,no_control) on;w
                                       ... grant select (nombre,apellido_paterno,apelido_materno,no_control) on;
                                       ... grant select (nombre,apellido_paterno,apelido_materno,no_control) on
                                       ... grant select (nombre,apellido_paterno,apelido_materno,no_control) o
                                       ... grant select (nombre,apellido_paterno,apelido_materno,no_control)
                                       ... grant select (nombre,apellido_paterno,apelido_materno,no_control) on evaluacion1.estudihfhfhfherfete5yrty;                      ... grant select (nombre,apellido_paterngrant select (nombre,apellido_paterno,apelido_materno,no_control) on evaluacion1.estudihfhfhfherfete5yrtjuhjyg;
ERROR: 1064 (42000): You have an error in your SQL syntax; check the manual that corresponds to your MySQL server version for the right syntax to use near '' at line 1r
or in ygrant select (nombre,apellido_paterngrant select (nombre,apellido_paterno,apelido_materno,no_control) on evaluacion1.estudihfhfhfherfete5yrtjuhjygnombre,apellido
 MySQL  localhost:3306  evaluacion1  SQL > grant select (nombre,apellido_paterno,apelido_materno,no_control) on evaluacion1.estudihfhfhfherfete5yrtjuhjy
 MySQL  localhost:3306  evaluacion1  SQL > grant select (nombre,apellido_paterno,apelido_materno,no_control) on evaluacion1.estudihfhfhfherfete5yrtjuhj
 MySQL  localhost:3306  evaluacion1  SQL > grant select (nombre,apellido_paterno,apelido_materno,no_control) on evaluacion1.estudihfhfhfherfete5yrtjuh
 MySQL  localhost:3306  evaluacion1  SQL > grant select (nombre,apellido_paterno,apelido_materno,no_control) on evaluacion1.estudihfhfhfherfete5yrtju
 MySQL  localhost:3306  evaluacion1  SQL > ;rant select (nombre,apellido_paterno,apelido_materno,no_control) on evaluacion1.estudihfhfhfherfete5yrtj
 MySQL  localhost:3306  evaluacion1  SQL > mjg;t select (nombre,apellido_paterno,apelido_materno,no_control) on evaluacion1.estudihfhfhfherfete5yrt
ERROR: 1064 (42000): You have an error in your SQL syntax; check the manual that corresponds to your MySQL server version for the right syntax to use near 'mjg' at line 1

 MySQL  localhost:3306  evaluacion1  SQL > grant select (nombre,apellido_paterno,apelido_materno,no_control) on evaluacion1.estudiante to 'nuevo'@'localhost';
ERROR: 1054 (42S22): Unknown column 'apelido_materno' in 'estudiante'

 MySQL  localhost:3306  evaluacion1  SQL > grant select (nombre,apellido_paterno,apellido_materno,no_control) on evaluacion1.estudiante to 'nuevo'@'localhost';
Query OK, 0 rows affected (0.0006 sec)

 MySQL  localhost:3306  evaluacion1  SQL > desc materias;
+-----------------+--------------+------+-----+---------+-------+
| Field           | Type         | Null | Key | Default | Extra |
+-----------------+--------------+------+-----+---------+-------+
| nombre          | varchar(100) | YES  |     | NULL    |       |
| creditos        | int(11)      | YES  |     | NULL    |       |
| horas_teoricas  | int(11)      | YES  |     | NULL    |       |
| horas_practicas | int(11)      | YES  |     | NULL    |       |
| carrera         | varchar(3)   | YES  |     | NULL    |       |
| semestre        | int(11)      | YES  |     | NULL    |       |
+-----------------+--------------+------+-----+---------+-------+
6 rows in set (0.0507 sec)

 MySQL  localhost:3306  evaluacion1  SQL > grant select (nombre), insert (nombre,creditos) on evaluacion1.materias to 'nuevo'@'localhost';
Query OK, 0 rows affected (0.0027 sec)

 MySQL  localhost:3306  evaluacion1  SQL > desc carrera;
+-----------+-------------+------+-----+---------+-------+
| Field     | Type        | Null | Key | Default | Extra |
+-----------+-------------+------+-----+---------+-------+
| nombre    | varchar(50) | YES  |     | NULL    |       |
| creditos  | int(11)     | YES  |     | NULL    |       |
| semestres | int(11)     | YES  |     | NULL    |       |
| area      | varchar(50) | YES  |     | NULL    |       |
+-----------+-------------+------+-----+---------+-------+
4 rows in set (0.0119 sec)

 MySQL  localhost:3306  evaluacion1  SQL > grant select on evaluacion1.paises to 'nuevo'@'localhost';
Query OK, 0 rows affected (0.0006 sec)

 MySQL  localhost:3306  evaluacion1  SQL > grant delete on evaluacion1.personal to 'nuevo'@'localhost';
Query OK, 0 rows affected (0.0005 sec)

 MySQL  localhost:3306  evaluacion1  SQL > grant all on evaluacion1.carrera to 'nuevo'@'localhost';
Query OK, 0 rows affected (0.0004 sec)

 MySQL  localhost:3306  evaluacion1  SQL > revoke delete on evaluacion1.carrera from 'nuevo'@'localhost';
Query OK, 0 rows affected (0.0239 sec)

 MySQL  localhost:3306  evaluacion1  SQL > /*primero se da todos los permisos (CARRERA) y se le revoco el de eliminar con revoke*/
 MySQL  localhost:3306  evaluacion1  SQL > \connect -c nuevo@localhost
The -c option is deprecated, please use --mysql or -mc instead
Creating a Classic session to 'nuevo@localhost'
Please provide the password for 'nuevo@localhost': ****
Save password for 'nuevo@localhost:3306'? [Y]es/[N]o/Ne[v]er (default No): y
Fetching schema names for autocompletion... Press ^C to stop.
Closing old connection...
Your MySQL connection id is 8
Server version: 5.5.61 MySQL Community Server (GPL)
No default schema selected; type \use <schema> to set one.

 MySQL  localhost:3306  SQL > select * from estudiante;
ERROR: 1046 (3D000): No database selected

 MySQL  localhost:3306  SQL > \use evaluacion1
Default schema set to `evaluacion1`.
Fetching table and column names from `evaluacion1` for auto-completion... Press ^C to stop.

 MySQL  localhost:3306  evaluacion1  SQL > select * from estudiante;
ERROR: 1142 (42000): SELECT command denied to user 'nuevo'@'localhost' for table 'estudiante'

 MySQL  localhost:3306  evaluacion1  SQL > select nombre from estudiante;
Empty set (0.0269 sec)

 MySQL  localhost:3306  evaluacion1  SQL > select apellido_paterno,apellido_materno, no_control from estudiante;
Empty set (0.0003 sec)

 MySQL  localhost:3306  evaluacion1  SQL > }desc
                                       ... ;
ERROR: 1064 (42000): You have an error in your SQL syntax; check the manual that corresponds to your MySQL server version for the right syntax to use near '}desc' at line 1

 MySQL  localhost:3306  evaluacion1  SQL > desc materias;
+----------+--------------+------+-----+---------+-------+
| Field    | Type         | Null | Key | Default | Extra |
+----------+--------------+------+-----+---------+-------+
| nombre   | varchar(100) | YES  |     | NULL    |       |
| creditos | int(11)      | YES  |     | NULL    |       |
+----------+--------------+------+-----+---------+-------+
2 rows in set (0.0114 sec)

 MySQL  localhost:3306  evaluacion1  SQL > insert into materias(nombre,creditos) values('si se pudo',100);
Query OK, 1 row affected (0.0462 sec)

 MySQL  localhost:3306  evaluacion1  SQL > select nombre from materias;
+------------+
| nombre     |
+------------+
| si se pudo |
+------------+
1 row in set (0.0003 sec)

 MySQL  localhost:3306  evaluacion1  SQL > select * from carrera;
+----------+----------+-----------+------------------------+
| nombre   | creditos | semestres | area                   |
+----------+----------+-----------+------------------------+
| Sistemas |      500 |         9 | Sistemas y Computacion |
| Sistemas |      500 |         9 | Sistemas y Computacion |
| Sistemas |      500 |         9 | Sistemas y Computacion |
| Sistemas |      500 |         9 | Sistemas y Computacion |
| Sistemas |      500 |         9 | Sistemas y Computacion |
| Sistemas |      500 |         9 | Sistemas y Computacion |
+----------+----------+-----------+------------------------+
6 rows in set (0.0003 sec)

 MySQL  localhost:3306  evaluacion1  SQL > select * from paises;
+-------+--------+-----------+------------+
| clave | nombre | poblacion | continente |
+-------+--------+-----------+------------+
|     1 | Mexico | 120000000 | AMERICA    |
+-------+--------+-----------+------------+
1 row in set (0.0003 sec)

 MySQL  localhost:3306  evaluacion1  SQL >